{
  "version": "1.5.0",
  "plugins_used": [
    {
      "name": "ArtifactoryDetector"
    },
    {
      "name": "AWSKeyDetector"
    },
    {
      "name": "AzureStorageKeyDetector"
    },
    {
      "name": "Base64HighEntropyString",
      "limit": 4.5
    },
    {
      "name": "BasicAuthDetector"
    },
    {
      "name": "CloudantDetector"
    },
    {
      "name": "DiscordBotTokenDetector"
    },
    {
      "name": "GitHubTokenDetector"
    },
    {
      "name": "GitLabTokenDetector"
    },
    {
      "name": "HexHighEntropyString",
      "limit": 3.0
    },
    {
      "name": "IbmCloudIamDetector"
    },
    {
      "name": "IbmCosHmacDetector"
    },
    {
      "name": "IPPublicDetector"
    },
    {
      "name": "JwtTokenDetector"
    },
    {
      "name": "KeywordDetector",
      "keyword_exclude": ""
    },
    {
      "name": "MailchimpDetector"
    },
    {
      "name": "NpmDetector"
    },
    {
      "name": "OpenAIDetector"
    },
    {
      "name": "PrivateKeyDetector"
    },
    {
      "name": "PypiTokenDetector"
    },
    {
      "name": "SendGridDetector"
    },
    {
      "name": "SlackDetector"
    },
    {
      "name": "SoftlayerDetector"
    },
    {
      "name": "SquareOAuthDetector"
    },
    {
      "name": "StripeDetector"
    },
    {
      "name": "TelegramBotTokenDetector"
    },
    {
      "name": "TwilioKeyDetector"
    }
  ],
  "filters_used": [
    {
      "path": "detect_secrets.filters.allowlist.is_line_allowlisted"
    },
    {
      "path": "detect_secrets.filters.common.is_baseline_file",
      "filename": ".secrets.baseline"
    },
    {
      "path": "detect_secrets.filters.common.is_ignored_due_to_verification_policies",
      "min_level": 2
    },
    {
      "path": "detect_secrets.filters.heuristic.is_indirect_reference"
    },
    {
      "path": "detect_secrets.filters.heuristic.is_likely_id_string"
    },
    {
      "path": "detect_secrets.filters.heuristic.is_lock_file"
    },
    {
      "path": "detect_secrets.filters.heuristic.is_not_alphanumeric_string"
    },
    {
      "path": "detect_secrets.filters.heuristic.is_potential_uuid"
    },
    {
      "path": "detect_secrets.filters.heuristic.is_prefixed_with_dollar_sign"
    },
    {
      "path": "detect_secrets.filters.heuristic.is_sequential_string"
    },
    {
      "path": "detect_secrets.filters.heuristic.is_swagger_file"
    },
    {
      "path": "detect_secrets.filters.heuristic.is_templated_secret"
    }
  ],
  "results": {
    "src/aws-iac-mcp-server/README.md": [
      {
        "type": "Base64 High Entropy String",
        "filename": "src/aws-iac-mcp-server/README.md",
        "hashed_secret": "df99ad98cabfe1616640820bcfb345ef5b10077f",
        "is_verified": false,
        "line_number": 306,
        "is_secret": false
      }
    ],
    "src/aws-location-mcp-server/README.md": [
      {
        "type": "Secret Keyword",
        "filename": "src/aws-location-mcp-server/README.md",
        "hashed_secret": "7bb36f8b509c11e4841b8bbae032473d2e6532d1",
        "is_verified": false,
        "line_number": 97,
        "is_secret": false
      }
    ],
    "src/aws-location-mcp-server/tests/test_server.py": [
      {
        "type": "AWS Access Key",
        "filename": "src/aws-location-mcp-server/tests/test_server.py",
        "hashed_secret": "d70eab08607a4d05faa2d0d6647206599e9abc65",
        "is_verified": false,
        "line_number": 1035,
        "is_secret": false
      },
      {
        "type": "Base64 High Entropy String",
        "filename": "src/aws-location-mcp-server/tests/test_server.py",
        "hashed_secret": "d70eab08607a4d05faa2d0d6647206599e9abc65",
        "is_verified": false,
        "line_number": 1035,
        "is_secret": false
      },
      {
        "type": "Secret Keyword",
        "filename": "src/aws-location-mcp-server/tests/test_server.py",
        "hashed_secret": "d70eab08607a4d05faa2d0d6647206599e9abc65",
        "is_verified": false,
        "line_number": 1048,
        "is_secret": false
      },
      {
        "type": "Base64 High Entropy String",
        "filename": "src/aws-location-mcp-server/tests/test_server.py",
        "hashed_secret": "69c387bb0ba8f401f58a50ee1fa086d77185947f",
        "is_verified": false,
        "line_number": 1265,
        "is_secret": false
      }
    ],
    "src/bedrock-kb-retrieval-mcp-server/README.md": [
      {
        "type": "Base64 High Entropy String",
        "filename": "src/bedrock-kb-retrieval-mcp-server/README.md",
        "hashed_secret": "057903c2553b3682d069157a6e8ae538eab79250",
        "is_verified": false,
        "line_number": 154,
        "is_secret": false
      }
    ],
    "src/cloudwatch-mcp-server/awslabs/cloudwatch_mcp_server/cloudwatch_metrics/data/metric_metadata.json": [
      {
        "type": "Base64 High Entropy String",
        "filename": "src/cloudwatch-mcp-server/awslabs/cloudwatch_mcp_server/cloudwatch_metrics/data/metric_metadata.json",
        "hashed_secret": "9144def702a83271c0261ecce3dfebb8421d5f03",
        "is_verified": false,
        "line_number": 221,
        "is_secret": false
      },
      {
        "type": "Base64 High Entropy String",
        "filename": "src/cloudwatch-mcp-server/awslabs/cloudwatch_mcp_server/cloudwatch_metrics/data/metric_metadata.json",
        "hashed_secret": "f30900a28a84a2969df7af69485b1c0cca5c5b6e",
        "is_verified": false,
        "line_number": 248,
        "is_secret": false
      }
    ],
    "src/dynamodb-mcp-server/README.md": [
      {
        "type": "Secret Keyword",
        "filename": "src/dynamodb-mcp-server/README.md",
        "hashed_secret": "37b5ecd16fe6c599c85077c7992427df62b2ab71",
        "is_verified": false,
        "line_number": 200,
        "is_secret": false
      }
    ],
    "src/dynamodb-mcp-server/awslabs/dynamodb_mcp_server/database_analyzers.py": [
      {
        "type": "Secret Keyword",
        "filename": "src/dynamodb-mcp-server/awslabs/dynamodb_mcp_server/database_analyzers.py",
        "hashed_secret": "38a2bae6275b4d868c488758d213827833cd8570",
        "is_verified": false,
        "line_number": 107,
        "is_secret": false
      }
    ],
    "src/dynamodb-mcp-server/tests/test_dynamodb_server.py": [
      {
        "type": "Secret Keyword",
        "filename": "src/dynamodb-mcp-server/tests/test_dynamodb_server.py",
        "hashed_secret": "fe1bae27cb7c1fb823f496f286e78f1d2ae87734",
        "is_verified": false,
        "line_number": 71,
        "is_secret": false
      }
    ],
    "src/dynamodb-mcp-server/tests/test_source_db_integration.py": [
      {
        "type": "Secret Keyword",
        "filename": "src/dynamodb-mcp-server/tests/test_source_db_integration.py",
        "hashed_secret": "fe1bae27cb7c1fb823f496f286e78f1d2ae87734",
        "is_verified": false,
        "line_number": 18,
        "is_secret": false
      },
      {
        "type": "Secret Keyword",
        "filename": "src/dynamodb-mcp-server/tests/test_source_db_integration.py",
        "hashed_secret": "a94a8fe5ccb19ba61c4c0873d391e987982fbbd3",
        "is_verified": false,
        "line_number": 292,
        "is_secret": false
      }
    ],
    "src/ecs-mcp-server/tests/conftest.py": [
      {
        "type": "Base64 High Entropy String",
        "filename": "src/ecs-mcp-server/tests/conftest.py",
        "hashed_secret": "339243a1a3f2911a960d37ec48dbcb59b36b30ca",
        "is_verified": false,
        "line_number": 52,
        "is_secret": false
      }
    ],
    "src/ecs-mcp-server/tests/llm_testing/scenarios/03_task_exit_failure/04_evaluation.md": [
      {
        "type": "Basic Auth Credentials",
        "filename": "src/ecs-mcp-server/tests/llm_testing/scenarios/03_task_exit_failure/04_evaluation.md",
        "hashed_secret": "5baa61e4c9b93f3f0682250b6cf8331b7ee68fd8",
        "is_verified": false,
        "line_number": 51,
        "is_secret": false
      }
    ],
    "src/ecs-mcp-server/tests/unit/test_aws_role_utils.py": [
      {
        "type": "Secret Keyword",
        "filename": "src/ecs-mcp-server/tests/unit/test_aws_role_utils.py",
        "hashed_secret": "d4e0e04792fd434b5dc9c4155c178f66edcf4ed3",
        "is_verified": false,
        "line_number": 29,
        "is_secret": false
      }
    ],
    "src/ecs-mcp-server/tests/unit/test_security_integration.py": [
      {
        "type": "AWS Access Key",
        "filename": "src/ecs-mcp-server/tests/unit/test_security_integration.py",
        "hashed_secret": "25910f981e85ca04baf359199dd0bd4a3ae738b6",
        "is_verified": false,
        "line_number": 35,
        "is_secret": false
      },
      {
        "type": "Secret Keyword",
        "filename": "src/ecs-mcp-server/tests/unit/test_security_integration.py",
        "hashed_secret": "23dcac7287507847a7a0585ca473eae30935b745",
        "is_verified": false,
        "line_number": 78,
        "is_secret": false
      }
    ],
    "src/ecs-mcp-server/tests/unit/utils/test_response_sanitization.py": [
      {
        "type": "AWS Access Key",
        "filename": "src/ecs-mcp-server/tests/unit/utils/test_response_sanitization.py",
        "hashed_secret": "25910f981e85ca04baf359199dd0bd4a3ae738b6",
        "is_verified": false,
        "line_number": 14,
        "is_secret": false
      },
      {
        "type": "Base64 High Entropy String",
        "filename": "src/ecs-mcp-server/tests/unit/utils/test_response_sanitization.py",
        "hashed_secret": "d70eab08607a4d05faa2d0d6647206599e9abc65",
        "is_verified": false,
        "line_number": 22,
        "is_secret": false
      },
      {
        "type": "Secret Keyword",
        "filename": "src/ecs-mcp-server/tests/unit/utils/test_response_sanitization.py",
        "hashed_secret": "d70eab08607a4d05faa2d0d6647206599e9abc65",
        "is_verified": false,
        "line_number": 43,
        "is_secret": false
      },
      {
        "type": "Secret Keyword",
        "filename": "src/ecs-mcp-server/tests/unit/utils/test_response_sanitization.py",
        "hashed_secret": "17ae68b6863ae52dfe203ab82e16128fcff35dcf",
        "is_verified": false,
        "line_number": 44,
        "is_secret": false
      }
    ],
    "src/lambda-tool-mcp-server/README.md": [
      {
        "type": "Base64 High Entropy String",
        "filename": "src/lambda-tool-mcp-server/README.md",
        "hashed_secret": "4fffa7f7518f07c586de5177529075a6d3342217",
        "is_verified": false,
        "line_number": 116,
        "is_secret": false
      },
      {
        "type": "Base64 High Entropy String",
        "filename": "src/lambda-tool-mcp-server/README.md",
        "hashed_secret": "c6ce21ba5ab23f5341ae81526aac3b3e2bb563c1",
        "is_verified": false,
        "line_number": 120,
        "is_secret": false
      },
      {
        "type": "Base64 High Entropy String",
        "filename": "src/lambda-tool-mcp-server/README.md",
        "hashed_secret": "e165198ad0e2e86c9b659616908219a13fc57d5a",
        "is_verified": false,
        "line_number": 122,
        "is_secret": false
      },
      {
        "type": "Base64 High Entropy String",
        "filename": "src/lambda-tool-mcp-server/README.md",
        "hashed_secret": "e153368a9e7c7d9209271bd599432af837868544",
        "is_verified": false,
        "line_number": 124,
        "is_secret": false
      }
    ],
    "src/mysql-mcp-server/tests/test_asyncmy_pool_connection.py": [
      {
        "type": "Secret Keyword",
        "filename": "src/mysql-mcp-server/tests/test_asyncmy_pool_connection.py",
        "hashed_secret": "7404bf53050fa8be3cc3bd5f71500c90af110a46",
        "is_verified": false,
        "line_number": 64,
        "is_secret": false
      },
      {
        "type": "Secret Keyword",
        "filename": "src/mysql-mcp-server/tests/test_asyncmy_pool_connection.py",
        "hashed_secret": "206c80413b9a96c1312cc346b7d2517b84463edd",
        "is_verified": false,
        "line_number": 238,
        "is_secret": false
      }
    ],
    "src/mysql-mcp-server/tests/test_db_connection_singleton.py": [
      {
        "type": "Secret Keyword",
        "filename": "src/mysql-mcp-server/tests/test_db_connection_singleton.py",
        "hashed_secret": "09a88cbc59e589d8595fed71916c373b18fdcab1",
        "is_verified": false,
        "line_number": 40,
        "is_secret": false
      },
      {
        "type": "Secret Keyword",
        "filename": "src/mysql-mcp-server/tests/test_db_connection_singleton.py",
        "hashed_secret": "a94a8fe5ccb19ba61c4c0873d391e987982fbbd3",
        "is_verified": false,
        "line_number": 120,
        "is_secret": false
      }
    ],
    "src/mysql-mcp-server/tests/test_rds_data_api_connection.py": [
      {
        "type": "Secret Keyword",
        "filename": "src/mysql-mcp-server/tests/test_rds_data_api_connection.py",
        "hashed_secret": "e5e9fa1ba31ecd1ae84f75caaa474f3a663f05f4",
        "is_verified": false,
        "line_number": 29,
        "is_secret": false
      }
    ],
    "src/openapi-mcp-server/AUTHENTICATION.md": [
      {
        "type": "Secret Keyword",
        "filename": "src/openapi-mcp-server/AUTHENTICATION.md",
        "hashed_secret": "9d4e1e23bd5b727046a9e3b4b7db57bd8d6ee684",
        "is_verified": false,
        "line_number": 60,
        "is_secret": false
      },
      {
        "type": "Secret Keyword",
        "filename": "src/openapi-mcp-server/AUTHENTICATION.md",
        "hashed_secret": "6d9c68c603e465077bdd49c62347fe54717f83a3",
        "is_verified": false,
        "line_number": 72,
        "is_secret": false
      },
      {
        "type": "Secret Keyword",
        "filename": "src/openapi-mcp-server/AUTHENTICATION.md",
        "hashed_secret": "27b924db06a28cc755fb07c54f0fddc30659fe4d",
        "is_verified": false,
        "line_number": 73,
        "is_secret": false
      },
      {
        "type": "Secret Keyword",
        "filename": "src/openapi-mcp-server/AUTHENTICATION.md",
        "hashed_secret": "594fd1615a341c77829e83ed988f137e1ba96231",
        "is_verified": false,
        "line_number": 74,
        "is_secret": false
      },
      {
        "type": "Secret Keyword",
        "filename": "src/openapi-mcp-server/AUTHENTICATION.md",
        "hashed_secret": "5baa61e4c9b93f3f0682250b6cf8331b7ee68fd8",
        "is_verified": false,
        "line_number": 94,
        "is_secret": false
      },
      {
        "type": "Secret Keyword",
        "filename": "src/openapi-mcp-server/AUTHENTICATION.md",
        "hashed_secret": "4828aeee87a0527949cb106d4c50ae10fd333cef",
        "is_verified": false,
        "line_number": 115,
        "is_secret": false
      },
      {
        "type": "Secret Keyword",
        "filename": "src/openapi-mcp-server/AUTHENTICATION.md",
        "hashed_secret": "c303df00cd0a72b21c62900b758b06fc541664ce",
        "is_verified": false,
        "line_number": 176,
        "is_secret": false
      }
    ],
    "src/openapi-mcp-server/DEPLOYMENT.md": [
      {
        "type": "Secret Keyword",
        "filename": "src/openapi-mcp-server/DEPLOYMENT.md",
        "hashed_secret": "1e3667aaaaa887721550cf5cc8a0c5c5760810ed",
        "is_verified": false,
        "line_number": 67,
        "is_secret": false
      },
      {
        "type": "Secret Keyword",
        "filename": "src/openapi-mcp-server/DEPLOYMENT.md",
        "hashed_secret": "27b924db06a28cc755fb07c54f0fddc30659fe4d",
        "is_verified": false,
        "line_number": 68,
        "is_secret": false
      },
      {
        "type": "Secret Keyword",
        "filename": "src/openapi-mcp-server/DEPLOYMENT.md",
        "hashed_secret": "594fd1615a341c77829e83ed988f137e1ba96231",
        "is_verified": false,
        "line_number": 69,
        "is_secret": false
      }
    ],
    "src/openapi-mcp-server/README.md": [
      {
        "type": "Secret Keyword",
        "filename": "src/openapi-mcp-server/README.md",
        "hashed_secret": "27b924db06a28cc755fb07c54f0fddc30659fe4d",
        "is_verified": false,
        "line_number": 233,
        "is_secret": false
      },
      {
        "type": "Secret Keyword",
        "filename": "src/openapi-mcp-server/README.md",
        "hashed_secret": "594fd1615a341c77829e83ed988f137e1ba96231",
        "is_verified": false,
        "line_number": 234,
        "is_secret": false
      }
    ],
    "src/openapi-mcp-server/awslabs/openapi_mcp_server/auth/api_key_auth.py": [
      {
        "type": "Secret Keyword",
        "filename": "src/openapi-mcp-server/awslabs/openapi_mcp_server/auth/api_key_auth.py",
        "hashed_secret": "594fd1615a341c77829e83ed988f137e1ba96231",
        "is_verified": false,
        "line_number": 99,
        "is_secret": false
      },
      {
        "type": "Secret Keyword",
        "filename": "src/openapi-mcp-server/awslabs/openapi_mcp_server/auth/api_key_auth.py",
        "hashed_secret": "7cd9148ec5a552dbf68de5a6debcf8e4d974db72",
        "is_verified": false,
        "line_number": 101,
        "is_secret": false
      },
      {
        "type": "Secret Keyword",
        "filename": "src/openapi-mcp-server/awslabs/openapi_mcp_server/auth/api_key_auth.py",
        "hashed_secret": "59c826fc854197cbd4d1083bce8fc00d0761e8b3",
        "is_verified": false,
        "line_number": 103,
        "is_secret": false
      }
    ],
    "src/openapi-mcp-server/tests/api/test_config.py": [
      {
        "type": "Secret Keyword",
        "filename": "src/openapi-mcp-server/tests/api/test_config.py",
        "hashed_secret": "9d4e1e23bd5b727046a9e3b4b7db57bd8d6ee684",
        "is_verified": false,
        "line_number": 41,
        "is_secret": false
      },
      {
        "type": "Secret Keyword",
        "filename": "src/openapi-mcp-server/tests/api/test_config.py",
        "hashed_secret": "d4c3d66fd0c38547a3c7a4c6bdc29c36911bc030",
        "is_verified": false,
        "line_number": 71,
        "is_secret": false
      },
      {
        "type": "Secret Keyword",
        "filename": "src/openapi-mcp-server/tests/api/test_config.py",
        "hashed_secret": "27b924db06a28cc755fb07c54f0fddc30659fe4d",
        "is_verified": false,
        "line_number": 72,
        "is_secret": false
      },
      {
        "type": "Secret Keyword",
        "filename": "src/openapi-mcp-server/tests/api/test_config.py",
        "hashed_secret": "594fd1615a341c77829e83ed988f137e1ba96231",
        "is_verified": false,
        "line_number": 73,
        "is_secret": false
      },
      {
        "type": "Secret Keyword",
        "filename": "src/openapi-mcp-server/tests/api/test_config.py",
        "hashed_secret": "2e7a7ee14caebf378fc32d6cf6f557f347c96773",
        "is_verified": false,
        "line_number": 139,
        "is_secret": false
      },
      {
        "type": "Secret Keyword",
        "filename": "src/openapi-mcp-server/tests/api/test_config.py",
        "hashed_secret": "1729ff40b32856faf1cb1d6dc23a5452eccd272c",
        "is_verified": false,
        "line_number": 140,
        "is_secret": false
      },
      {
        "type": "Secret Keyword",
        "filename": "src/openapi-mcp-server/tests/api/test_config.py",
        "hashed_secret": "da944ba0e0984f05a9bd924db56f8b610335c3b7",
        "is_verified": false,
        "line_number": 170,
        "is_secret": false
      }
    ],
    "src/openapi-mcp-server/tests/auth/test_api_key_auth.py": [
      {
        "type": "Secret Keyword",
        "filename": "src/openapi-mcp-server/tests/auth/test_api_key_auth.py",
        "hashed_secret": "767ef7376d44bb6e52b390ddcd12c1cb1b3902a4",
        "is_verified": false,
        "line_number": 34,
        "is_secret": false
      },
      {
        "type": "Secret Keyword",
        "filename": "src/openapi-mcp-server/tests/auth/test_api_key_auth.py",
        "hashed_secret": "27b924db06a28cc755fb07c54f0fddc30659fe4d",
        "is_verified": false,
        "line_number": 35,
        "is_secret": false
      },
      {
        "type": "Secret Keyword",
        "filename": "src/openapi-mcp-server/tests/auth/test_api_key_auth.py",
        "hashed_secret": "594fd1615a341c77829e83ed988f137e1ba96231",
        "is_verified": false,
        "line_number": 36,
        "is_secret": false
      },
      {
        "type": "Secret Keyword",
        "filename": "src/openapi-mcp-server/tests/auth/test_api_key_auth.py",
        "hashed_secret": "81f344a7686a80b4c5293e8fdc0b0160c82c06a8",
        "is_verified": false,
        "line_number": 74,
        "is_secret": false
      },
      {
        "type": "Secret Keyword",
        "filename": "src/openapi-mcp-server/tests/auth/test_api_key_auth.py",
        "hashed_secret": "665b1e3851eefefa3fb878654292f16597d25155",
        "is_verified": false,
        "line_number": 110,
        "is_secret": false
      },
      {
        "type": "Secret Keyword",
        "filename": "src/openapi-mcp-server/tests/auth/test_api_key_auth.py",
        "hashed_secret": "7cd9148ec5a552dbf68de5a6debcf8e4d974db72",
        "is_verified": false,
        "line_number": 111,
        "is_secret": false
      },
      {
        "type": "Secret Keyword",
        "filename": "src/openapi-mcp-server/tests/auth/test_api_key_auth.py",
        "hashed_secret": "59c826fc854197cbd4d1083bce8fc00d0761e8b3",
        "is_verified": false,
        "line_number": 132,
        "is_secret": false
      }
    ],
    "src/openapi-mcp-server/tests/auth/test_auth_protocol.py": [
      {
        "type": "Secret Keyword",
        "filename": "src/openapi-mcp-server/tests/auth/test_auth_protocol.py",
        "hashed_secret": "c7139c95c9298c5ca457688f5c1d2e11ffbecc91",
        "is_verified": false,
        "line_number": 47,
        "is_secret": false
      }
    ],
    "src/openapi-mcp-server/tests/auth/test_auth_protocol_additional.py": [
      {
        "type": "Secret Keyword",
        "filename": "src/openapi-mcp-server/tests/auth/test_auth_protocol_additional.py",
        "hashed_secret": "a62f2225bf70bfaccbc7f1ef2a397836717377de",
        "is_verified": false,
        "line_number": 25,
        "is_secret": false
      }
    ],
    "src/openapi-mcp-server/tests/auth/test_auth_protocol_boost.py": [
      {
        "type": "Secret Keyword",
        "filename": "src/openapi-mcp-server/tests/auth/test_auth_protocol_boost.py",
        "hashed_secret": "00942f4668670f34c5943cf52c7ef3139fe2b8d6",
        "is_verified": false,
        "line_number": 29,
        "is_secret": false
      }
    ],
    "src/openapi-mcp-server/tests/auth/test_auth_protocol_extended.py": [
      {
        "type": "Secret Keyword",
        "filename": "src/openapi-mcp-server/tests/auth/test_auth_protocol_extended.py",
        "hashed_secret": "c7139c95c9298c5ca457688f5c1d2e11ffbecc91",
        "is_verified": false,
        "line_number": 49,
        "is_secret": false
      }
    ],
    "src/openapi-mcp-server/tests/auth/test_auth_protocol_improved.py": [
      {
        "type": "Secret Keyword",
        "filename": "src/openapi-mcp-server/tests/auth/test_auth_protocol_improved.py",
        "hashed_secret": "a62f2225bf70bfaccbc7f1ef2a397836717377de",
        "is_verified": false,
        "line_number": 17,
        "is_secret": false
      }
    ],
    "src/openapi-mcp-server/tests/auth/test_basic_auth.py": [
      {
        "type": "Secret Keyword",
        "filename": "src/openapi-mcp-server/tests/auth/test_basic_auth.py",
        "hashed_secret": "9fb7fe1217aed442b04c0f5e43b5d5a7d3287097",
        "is_verified": false,
        "line_number": 40,
        "is_secret": false
      },
      {
        "type": "Secret Keyword",
        "filename": "src/openapi-mcp-server/tests/auth/test_basic_auth.py",
        "hashed_secret": "206c80413b9a96c1312cc346b7d2517b84463edd",
        "is_verified": false,
        "line_number": 48,
        "is_secret": false
      }
    ],
    "src/openapi-mcp-server/tests/auth/test_cognito_auth.py": [
      {
        "type": "Secret Keyword",
        "filename": "src/openapi-mcp-server/tests/auth/test_cognito_auth.py",
        "hashed_secret": "9fb7fe1217aed442b04c0f5e43b5d5a7d3287097",
        "is_verified": false,
        "line_number": 40,
        "is_secret": false
      }
    ],
    "src/openapi-mcp-server/tests/auth/test_cognito_auth_additional_coverage.py": [
      {
        "type": "Secret Keyword",
        "filename": "src/openapi-mcp-server/tests/auth/test_cognito_auth_additional_coverage.py",
        "hashed_secret": "9fb7fe1217aed442b04c0f5e43b5d5a7d3287097",
        "is_verified": false,
        "line_number": 20,
        "is_secret": false
      }
    ],
    "src/openapi-mcp-server/tests/auth/test_cognito_auth_client_credentials.py": [
      {
        "type": "Secret Keyword",
        "filename": "src/openapi-mcp-server/tests/auth/test_cognito_auth_client_credentials.py",
        "hashed_secret": "1089adfb1f11b95df31344030507912b5abdf57a",
        "is_verified": false,
        "line_number": 23,
        "is_secret": false
      },
      {
        "type": "Secret Keyword",
        "filename": "src/openapi-mcp-server/tests/auth/test_cognito_auth_client_credentials.py",
        "hashed_secret": "9fb7fe1217aed442b04c0f5e43b5d5a7d3287097",
        "is_verified": false,
        "line_number": 246,
        "is_secret": false
      }
    ],
    "src/openapi-mcp-server/tests/auth/test_cognito_auth_coverage_boost.py": [
      {
        "type": "Secret Keyword",
        "filename": "src/openapi-mcp-server/tests/auth/test_cognito_auth_coverage_boost.py",
        "hashed_secret": "206c80413b9a96c1312cc346b7d2517b84463edd",
        "is_verified": false,
        "line_number": 26,
        "is_secret": false
      }
    ],
    "src/openapi-mcp-server/tests/test_server.py": [
      {
        "type": "Secret Keyword",
        "filename": "src/openapi-mcp-server/tests/test_server.py",
        "hashed_secret": "665b1e3851eefefa3fb878654292f16597d25155",
        "is_verified": false,
        "line_number": 35,
        "is_secret": false
      },
      {
        "type": "Secret Keyword",
        "filename": "src/openapi-mcp-server/tests/test_server.py",
        "hashed_secret": "594fd1615a341c77829e83ed988f137e1ba96231",
        "is_verified": false,
        "line_number": 36,
        "is_secret": false
      }
    ],
    "src/openapi-mcp-server/tests/test_server_extended.py": [
      {
        "type": "Secret Keyword",
        "filename": "src/openapi-mcp-server/tests/test_server_extended.py",
        "hashed_secret": "665b1e3851eefefa3fb878654292f16597d25155",
        "is_verified": false,
        "line_number": 35,
        "is_secret": false
      },
      {
        "type": "Secret Keyword",
        "filename": "src/openapi-mcp-server/tests/test_server_extended.py",
        "hashed_secret": "594fd1615a341c77829e83ed988f137e1ba96231",
        "is_verified": false,
        "line_number": 36,
        "is_secret": false
      }
    ],
    "src/openapi-mcp-server/tests/test_server_httpx_version.py": [
      {
        "type": "Secret Keyword",
        "filename": "src/openapi-mcp-server/tests/test_server_httpx_version.py",
        "hashed_secret": "665b1e3851eefefa3fb878654292f16597d25155",
        "is_verified": false,
        "line_number": 35,
        "is_secret": false
      },
      {
        "type": "Secret Keyword",
        "filename": "src/openapi-mcp-server/tests/test_server_httpx_version.py",
        "hashed_secret": "594fd1615a341c77829e83ed988f137e1ba96231",
        "is_verified": false,
        "line_number": 36,
        "is_secret": false
      }
    ],
    "src/openapi-mcp-server/tests/test_server_part1.py": [
      {
        "type": "Secret Keyword",
        "filename": "src/openapi-mcp-server/tests/test_server_part1.py",
        "hashed_secret": "665b1e3851eefefa3fb878654292f16597d25155",
        "is_verified": false,
        "line_number": 35,
        "is_secret": false
      },
      {
        "type": "Secret Keyword",
        "filename": "src/openapi-mcp-server/tests/test_server_part1.py",
        "hashed_secret": "594fd1615a341c77829e83ed988f137e1ba96231",
        "is_verified": false,
        "line_number": 36,
        "is_secret": false
      }
    ],
    "src/openapi-mcp-server/tests/utils/test_error_handler_extended.py": [
      {
        "type": "JSON Web Token",
        "filename": "src/openapi-mcp-server/tests/utils/test_error_handler_extended.py",
        "hashed_secret": "fd285f3002b7a5e6895e8ba882e9adc4d16f2a8e",
        "is_verified": false,
        "line_number": 35,
        "is_secret": false
      },
      {
        "type": "JSON Web Token",
        "filename": "src/openapi-mcp-server/tests/utils/test_error_handler_extended.py",
        "hashed_secret": "d6b66ddd9ea7dbe760114bfe9a97352a5e139134",
        "is_verified": false,
        "line_number": 36,
        "is_secret": false
      }
    ],
    "src/stepfunctions-tool-mcp-server/README.md": [
      {
        "type": "Base64 High Entropy String",
        "filename": "src/stepfunctions-tool-mcp-server/README.md",
        "hashed_secret": "68b12f52d73521050c76b6e9af1a76711fbe4cc7",
        "is_verified": false,
        "line_number": 116,
        "is_secret": false
      },
      {
        "type": "Base64 High Entropy String",
        "filename": "src/stepfunctions-tool-mcp-server/README.md",
        "hashed_secret": "37e89c196a8099d1961ea54d7d4b7b222bb028a2",
        "is_verified": false,
        "line_number": 122,
        "is_secret": false
      },
      {
        "type": "Base64 High Entropy String",
        "filename": "src/stepfunctions-tool-mcp-server/README.md",
        "hashed_secret": "3d1590d774b9e0a4e792edefac9cf7ec05ba6fb2",
        "is_verified": false,
        "line_number": 124,
        "is_secret": false
      }
    ],
    "src/syntheticdata-mcp-server/tests/test_constants.py": [
      {
        "type": "Secret Keyword",
        "filename": "src/syntheticdata-mcp-server/tests/test_constants.py",
        "hashed_secret": "da5bcedede3c8c32004d394af1c3e14eb05b6a45",
        "is_verified": false,
        "line_number": 13,
        "is_secret": false
      }
    ]
  },
  "generated_at": "2025-12-01T14:26:01Z"
}
